// Jest Snapshot v1, https://goo.gl/fbAQLP

exports[`main Snapshot sample 1`] = `
Object {
  "banner": true,
  "input": Object {
    "index": "foo/bar/baz/buzz/bizz.ts",
  },
  "plugins": Object {
    "babel": Object {
      "exclude": Array [],
      "plugins": Array [],
      "presets": Array [
        Array [
          "@babel/preset-env",
          Object {
            "corejs": 3,
            "debug": false,
            "useBuiltIns": "usage",
          },
        ],
      ],
      "runtimeHelpers": true,
    },
  },
}
`;
