// Jest Snapshot v1, https://goo.gl/fbAQLP

exports[`DateEpoch DateEpoch#constructor when argument is a Date 1`] = `1592971200000`;

exports[`DateEpoch DateEpoch#constructor when argument is a Date 2`] = `2020-06-24T04:00:00.000Z`;
