// Jest Snapshot v1, https://goo.gl/fbAQLP

exports[`createBannerFooter Snapshot sample 1`] = `
Object {
  "banner": "/**
 * assimilate v436.0.1
 *
 * Maintainer: ACME Corp.
 *
 * LicenseRef-LICENSE
 *
 * Â© 2003-2020 ACME Corp.
 */",
  "footer": "/** ACME Corp.  */",
}
`;

exports[`createBannerInfo Snapshot sample 1`] = `
Object {
  "author": "ACME Corp.",
  "copyright": "Copyright (c) 2003-2020 ACME Corp.",
  "firstYear": 2003,
  "license": "LicenseRef-LICENSE",
  "name": "assimilate",
  "vendor": "ACME Corp.",
  "version": "436.0.1",
}
`;

exports[`createBannerInfo Supports defining own author 1`] = `
Object {
  "author": "Seven Of Nine <7.9@adjunct.3.unimatrix.1.borg>",
  "copyright": "Copyright (c) 2003-2020 ACME Corp.",
  "firstYear": 2003,
  "license": "LicenseRef-LICENSE",
  "name": "assimilate",
  "vendor": "ACME Corp.",
  "version": "436.0.1",
}
`;

exports[`createBannerInfo Supports defining own license 1`] = `
Object {
  "author": "ACME Corp.",
  "copyright": "Copyright (c) 2003-2020 ACME Corp.",
  "firstYear": 2003,
  "license": "MIT",
  "name": "assimilate",
  "vendor": "ACME Corp.",
  "version": "436.0.1",
}
`;
