// Jest Snapshot v1, https://goo.gl/fbAQLP

exports[`getProcessCliArgValuePair Snapshot 1`] = `
Array [
  "--config",
  "/some/ficticious/path/to/file.json",
]
`;
